[2026-09-30T03:40:07.125+0000] {local_task_job_runner.py:120} INFO - ::group::Pre task execution logs
[2026-09-30T03:40:07.136+0000] {taskinstance.py:2076} INFO - Dependencies all met for dep_context=non-requeueable deps ti=<TaskInstance: dag_market_eod.ingest_prices_GOOGL manual__2026-09-30T03:40:01.939932+00:00 [queued]>
[2026-09-30T03:40:07.140+0000] {taskinstance.py:2076} INFO - Dependencies all met for dep_context=requeueable deps ti=<TaskInstance: dag_market_eod.ingest_prices_GOOGL manual__2026-09-30T03:40:01.939932+00:00 [queued]>
[2026-09-30T03:40:07.141+0000] {taskinstance.py:2306} INFO - Starting attempt 1 of 3
[2026-09-30T03:40:07.149+0000] {taskinstance.py:2330} INFO - Executing <Task(PythonOperator): ingest_prices_GOOGL> on 2026-09-30 03:40:01.939932+00:00
[2026-09-30T03:40:07.155+0000] {standard_task_runner.py:64} INFO - Started process 273 to run task
[2026-09-30T03:40:07.157+0000] {standard_task_runner.py:90} INFO - Running: ['airflow', 'tasks', 'run', 'dag_market_eod', 'ingest_prices_GOOGL', 'manual__2026-09-30T03:40:01.939932+00:00', '--job-id', '16', '--raw', '--subdir', 'DAGS_FOLDER/dag_market_eod.py', '--cfg-path', '/tmp/tmplc45yoqz']
[2026-09-30T03:40:07.159+0000] {standard_task_runner.py:91} INFO - Job 16: Subtask ingest_prices_GOOGL
[2026-09-30T03:40:07.197+0000] {task_command.py:426} INFO - Running <TaskInstance: dag_market_eod.ingest_prices_GOOGL manual__2026-09-30T03:40:01.939932+00:00 [running]> on host ba8db4610040
[2026-09-30T03:40:07.270+0000] {taskinstance.py:2648} INFO - Exporting env vars: AIRFLOW_CTX_DAG_OWNER='afive' AIRFLOW_CTX_DAG_ID='dag_market_eod' AIRFLOW_CTX_TASK_ID='ingest_prices_GOOGL' AIRFLOW_CTX_EXECUTION_DATE='2026-09-30T03:40:01.939932+00:00' AIRFLOW_CTX_TRY_NUMBER='1' AIRFLOW_CTX_DAG_RUN_ID='manual__2026-09-30T03:40:01.939932+00:00'
[2026-09-30T03:40:07.270+0000] {taskinstance.py:430} INFO - ::endgroup::
[2026-09-30T03:40:07.276+0000] {logging_mixin.py:188} INFO - Fetching market data for: GOOGL (Period: 5d)
[2026-09-30T03:40:07.553+0000] {logging_mixin.py:188} INFO - Successfully upserted 5 rows for GOOGL
[2026-09-30T03:40:07.553+0000] {logging_mixin.py:188} INFO - Recorded 5 rows for GOOGL
[2026-09-30T03:40:07.554+0000] {python.py:237} INFO - Done. Returned value was: None
[2026-09-30T03:40:07.554+0000] {taskinstance.py:441} INFO - ::group::Post task execution logs
[2026-09-30T03:40:07.563+0000] {taskinstance.py:1206} INFO - Marking task as SUCCESS. dag_id=dag_market_eod, task_id=ingest_prices_GOOGL, run_id=manual__2026-09-30T03:40:01.939932+00:00, execution_date=20260930T034001, start_date=20260930T034007, end_date=20260930T034007
[2026-09-30T03:40:07.609+0000] {local_task_job_runner.py:243} INFO - Task exited with return code 0
[2026-09-30T03:40:07.630+0000] {taskinstance.py:3503} INFO - 1 downstream tasks scheduled from follow-on schedule check
[2026-09-30T03:40:07.631+0000] {local_task_job_runner.py:222} INFO - ::endgroup::
