[2026-09-30T03:40:03.133+0000] {local_task_job_runner.py:120} INFO - ::group::Pre task execution logs
[2026-09-30T03:40:03.152+0000] {taskinstance.py:2076} INFO - Dependencies all met for dep_context=non-requeueable deps ti=<TaskInstance: dag_market_eod.ingest_prices_1155_KL scheduled__2026-09-28T22:00:00+00:00 [queued]>
[2026-09-30T03:40:03.159+0000] {taskinstance.py:2076} INFO - Dependencies all met for dep_context=requeueable deps ti=<TaskInstance: dag_market_eod.ingest_prices_1155_KL scheduled__2026-09-28T22:00:00+00:00 [queued]>
[2026-09-30T03:40:03.160+0000] {taskinstance.py:2306} INFO - Starting attempt 1 of 3
[2026-09-30T03:40:03.169+0000] {taskinstance.py:2330} INFO - Executing <Task(PythonOperator): ingest_prices_1155_KL> on 2026-09-28 22:00:00+00:00
[2026-09-30T03:40:03.176+0000] {standard_task_runner.py:64} INFO - Started process 241 to run task
[2026-09-30T03:40:03.178+0000] {standard_task_runner.py:90} INFO - Running: ['airflow', 'tasks', 'run', 'dag_market_eod', 'ingest_prices_1155_KL', 'scheduled__2026-09-28T22:00:00+00:00', '--job-id', '11', '--raw', '--subdir', 'DAGS_FOLDER/dag_market_eod.py', '--cfg-path', '/tmp/tmptlhc3y1h']
[2026-09-30T03:40:03.179+0000] {standard_task_runner.py:91} INFO - Job 11: Subtask ingest_prices_1155_KL
[2026-09-30T03:40:03.223+0000] {task_command.py:426} INFO - Running <TaskInstance: dag_market_eod.ingest_prices_1155_KL scheduled__2026-09-28T22:00:00+00:00 [running]> on host ba8db4610040
[2026-09-30T03:40:03.284+0000] {taskinstance.py:2648} INFO - Exporting env vars: AIRFLOW_CTX_DAG_OWNER='afive' AIRFLOW_CTX_DAG_ID='dag_market_eod' AIRFLOW_CTX_TASK_ID='ingest_prices_1155_KL' AIRFLOW_CTX_EXECUTION_DATE='2026-09-28T22:00:00+00:00' AIRFLOW_CTX_TRY_NUMBER='1' AIRFLOW_CTX_DAG_RUN_ID='scheduled__2026-09-28T22:00:00+00:00'
[2026-09-30T03:40:03.285+0000] {taskinstance.py:430} INFO - ::endgroup::
[2026-09-30T03:40:03.295+0000] {logging_mixin.py:188} INFO - Fetching market data for: 1155.KL (Period: 5d)
[2026-09-30T03:40:03.627+0000] {logging_mixin.py:188} INFO - Successfully upserted 5 rows for 1155.KL
[2026-09-30T03:40:03.627+0000] {logging_mixin.py:188} INFO - Recorded 5 rows for 1155.KL
[2026-09-30T03:40:03.627+0000] {python.py:237} INFO - Done. Returned value was: None
[2026-09-30T03:40:03.627+0000] {taskinstance.py:441} INFO - ::group::Post task execution logs
[2026-09-30T03:40:03.635+0000] {taskinstance.py:1206} INFO - Marking task as SUCCESS. dag_id=dag_market_eod, task_id=ingest_prices_1155_KL, run_id=scheduled__2026-09-28T22:00:00+00:00, execution_date=20260928T220000, start_date=20260930T034003, end_date=20260930T034003
[2026-09-30T03:40:03.671+0000] {local_task_job_runner.py:243} INFO - Task exited with return code 0
[2026-09-30T03:40:03.684+0000] {taskinstance.py:3503} INFO - 0 downstream tasks scheduled from follow-on schedule check
[2026-09-30T03:40:03.686+0000] {local_task_job_runner.py:222} INFO - ::endgroup::
